Circuit: * Z:\home\facu\TCII\TareasSemanales\Tareas-Semanales-TC2\TS7\gic_.asc

Questionable use of curly braces in "bport1 a n1  v={{r}*i(vsen2)}"
    Error: undefined symbol in: "(r)*[i](vsen2)"
Questionable use of curly braces in "bport2 b n2  v={-{r}*i(vsen1)}"
    Error: undefined symbol in: "-(r)*[i](vsen1)"
Questionable use of curly braces in "bport1 a n1  v={{r}*i(vsen2)}"
    Error: undefined symbol in: "(r)*[i](vsen2)"
Questionable use of curly braces in "bport2 b n2  v={-{r}*i(vsen1)}"
    Error: undefined symbol in: "-(r)*[i](vsen1)"
WARNING: Node VO is floating.

WARNING: Less than two connections to node VO.  This node is used by C3.
.OP point found by inspection.

Date: Thu Sep 18 18:56:45 2025
Total elapsed time: 0.097 seconds.

tnom = 27
temp = 27
method = trap
totiter = 0
traniter = 0
tranpoints = 0
accept = 0
rejected = 0
matrix size = 23
fillins = 48
solver = Normal

