Circuit: * Z:\home\facu\TCII\TareasSemanales\Tareas-Semanales-TC2\TS4\ack_moss_bicuad.asc

Ignoring empty pin current: Ix(u1:1)
Ignoring empty pin current: Ix(u1:2)
Ignoring empty pin current: Ix(u2:1)
Ignoring empty pin current: Ix(u2:2)
Ignoring empty pin current: Ix(u3:1)
Ignoring empty pin current: Ix(u3:2)

Date: Tue Jul 01 11:40:28 2025
Total elapsed time: 0.084 seconds.

tnom = 27
temp = 27
method = trap
totiter = 0
traniter = 0
tranpoints = 0
accept = 0
rejected = 0
matrix size = 8
fillins = 8
solver = Normal

